Java HotSpot(TM) 64-Bit Server VM (25.191-b12) for bsd-amd64 JRE (1.8.0_191-b12), built on Oct  6 2018 08:37:07 by "java_re" with gcc 4.2.1 (Based on Apple Inc. build 5658) (LLVM build 2336.11.00)
Memory: 4k page, physical 8388608k(295056k free)

/proc/meminfo:

CommandLine flags: -XX:+ExplicitGCInvokesConcurrent -XX:GCLogFileSize=104857600 -XX:InitialHeapSize=536870912 -XX:InitiatingHeapOccupancyPercent=35 -XX:+ManagementServer -XX:MaxGCPauseMillis=20 -XX:MaxHeapSize=536870912 -XX:NumberOfGCLogFiles=10 -XX:+PrintGC -XX:+PrintGCDateStamps -XX:+PrintGCDetails -XX:+PrintGCTimeStamps -XX:+UseCompressedClassPointers -XX:+UseCompressedOops -XX:+UseG1GC -XX:+UseGCLogFileRotation 
2019-09-15T09:10:55.937-0530: 292.498: [GC pause (G1 Evacuation Pause) (young), 0.0513596 secs]
   [Parallel Time: 35.6 ms, GC Workers: 4]
      [GC Worker Start (ms): Min: 292498.9, Avg: 292499.0, Max: 292499.1, Diff: 0.1]
      [Ext Root Scanning (ms): Min: 1.8, Avg: 4.7, Max: 13.2, Diff: 11.4, Sum: 18.8]
      [Update RS (ms): Min: 0.0, Avg: 0.0, Max: 0.0, Diff: 0.0, Sum: 0.0]
         [Processed Buffers: Min: 0, Avg: 0.0, Max: 0, Diff: 0, Sum: 0]
      [Scan RS (ms): Min: 0.0, Avg: 0.0, Max: 0.0, Diff: 0.0, Sum: 0.0]
      [Code Root Scanning (ms): Min: 0.0, Avg: 0.3, Max: 0.8, Diff: 0.8, Sum: 1.3]
      [Object Copy (ms): Min: 12.0, Avg: 20.1, Max: 23.3, Diff: 11.2, Sum: 80.6]
      [Termination (ms): Min: 0.0, Avg: 5.1, Max: 10.2, Diff: 10.2, Sum: 20.5]
         [Termination Attempts: Min: 1, Avg: 1.0, Max: 1, Diff: 0, Sum: 4]
      [GC Worker Other (ms): Min: 0.0, Avg: 0.0, Max: 0.1, Diff: 0.0, Sum: 0.1]
      [GC Worker Total (ms): Min: 25.2, Avg: 30.3, Max: 35.4, Diff: 10.2, Sum: 121.3]
      [GC Worker End (ms): Min: 292524.3, Avg: 292529.4, Max: 292534.4, Diff: 10.1]
   [Code Root Fixup: 0.0 ms]
   [Code Root Purge: 0.2 ms]
   [Clear CT: 0.1 ms]
   [Other: 15.5 ms]
      [Choose CSet: 0.0 ms]
      [Ref Proc: 13.7 ms]
      [Ref Enq: 0.0 ms]
      [Redirty Cards: 0.1 ms]
      [Humongous Register: 1.1 ms]
      [Humongous Reclaim: 0.0 ms]
      [Free CSet: 0.3 ms]
   [Eden: 25.0M(25.0M)->0.0B(21.0M) Survivors: 0.0B->4096.0K Heap: 25.0M(512.0M)->3781.5K(512.0M)]
 [Times: user=0.03 sys=0.05, real=0.06 secs] 
Heap
 garbage-first heap   total 524288K, used 9925K [0x00000007a0000000, 0x00000007a0101000, 0x00000007c0000000)
  region size 1024K, 11 young (11264K), 4 survivors (4096K)
 Metaspace       used 10901K, capacity 11154K, committed 11392K, reserved 1058816K
  class space    used 1278K, capacity 1349K, committed 1408K, reserved 1048576K
